[*] mode=bench, workers=4
[*] Spawning 4 worker threads...
[+] Worker 0 started
[+] Worker 1 started
[+] Worker 2 started
[+] Worker 3 started
[02:34:29] [Worker 2] processed=169 dropped=0 avg_lat=413.08 us max_lat=1769 us
[02:34:29] [Worker 3] processed=169 dropped=0 avg_lat=378.02 us max_lat=2037 us
 [drop=0][02:34:29] [Worker 0] processed=170 dropped=0 avg_lat=387.46 us max_lat=3011 us
[02:34:29] [Worker 1] processed=170 dropped=0 avg_lat=440.49 us max_lat=2024 us
 [drop=0][02:34:30] [Worker 0] processed=288 dropped=0 avg_lat=155.41 us max_lat=460 us
[02:34:30] [Worker 1] processed=288 dropped=0 avg_lat=213.85 us max_lat=649 us
[02:34:30] [Worker 2] processed=289 dropped=0 avg_lat=200.63 us max_lat=778 us
[02:34:30] [Worker 3] processed=289 dropped=0 avg_lat=147.30 us max_lat=427 us
[02:34:31] [Worker 3] processed=525 dropped=0 avg_lat=140.46 us max_lat=591 us
 [drop=0][02:34:31] [Worker 0] processed=526 dropped=0 avg_lat=145.79 us max_lat=614 us
[02:34:31] [Worker 1] processed=526 dropped=0 avg_lat=141.14 us max_lat=1565 us
[02:34:31] [Worker 2] processed=526 dropped=0 avg_lat=138.02 us max_lat=473 us
[02:34:32] [Worker 2] processed=620 dropped=0 avg_lat=139.04 us max_lat=709 us
[02:34:32] [Worker 3] processed=621 dropped=0 avg_lat=136.04 us max_lat=717 us
 [drop=0][02:34:32] [Worker 0] processed=621 dropped=0 avg_lat=135.05 us max_lat=543 us
[02:34:32] [Worker 1] processed=621 dropped=0 avg_lat=138.60 us max_lat=914 us
[02:34:33] [Worker 2] processed=631 dropped=0 avg_lat=143.51 us max_lat=671 us
[02:34:33] [Worker 3] processed=631 dropped=0 avg_lat=138.96 us max_lat=580 us
 [drop=0][02:34:33] [Worker 0] processed=631 dropped=0 avg_lat=140.73 us max_lat=758 us
[02:34:33] [Worker 1] processed=631 dropped=0 avg_lat=147.25 us max_lat=873 us
 [drop=0][02:34:34] [Worker 0] processed=537 dropped=0 avg_lat=192.15 us max_lat=5916 us
[02:34:34] [Worker 1] processed=537 dropped=0 avg_lat=192.11 us max_lat=6690 us
[02:34:34] [Worker 2] processed=538 dropped=0 avg_lat=188.44 us max_lat=5906 us
[02:34:34] [Worker 3] processed=538 dropped=0 avg_lat=182.23 us max_lat=5912 us
[02:34:35] [Worker 3] processed=541 dropped=0 avg_lat=412.07 us max_lat=16093 us
 [drop=0][02:34:35] [Worker 0] processed=542 dropped=0 avg_lat=434.78 us max_lat=16716 us
[02:34:35] [Worker 1] processed=542 dropped=0 avg_lat=432.31 us max_lat=16516 us
[02:34:35] [Worker 2] processed=542 dropped=0 avg_lat=433.01 us max_lat=16085 us
 [drop=0][02:34:36] [Worker 0] processed=484 dropped=0 avg_lat=454.34 us max_lat=16499 us
[02:34:36] [Worker 1] processed=484 dropped=0 avg_lat=524.27 us max_lat=19116 us
[02:34:36] [Worker 2] processed=484 dropped=0 avg_lat=300.84 us max_lat=8000 us
[02:34:36] [Worker 3] processed=485 dropped=0 avg_lat=352.68 us max_lat=11253 us
[02:34:37] [Worker 2] processed=614 dropped=0 avg_lat=184.83 us max_lat=696 us
[02:34:37] [Worker 3] processed=614 dropped=0 avg_lat=185.40 us max_lat=840 us
 [drop=0][02:34:37] [Worker 0] processed=615 dropped=0 avg_lat=185.94 us max_lat=666 us
[02:34:37] [Worker 1] processed=615 dropped=0 avg_lat=187.78 us max_lat=819 us
[02:34:38] [Worker 3] processed=621 dropped=0 avg_lat=157.39 us max_lat=804 us
 [drop=0][02:34:38] [Worker 0] processed=621 dropped=0 avg_lat=163.69 us max_lat=774 us
[02:34:38] [Worker 1] processed=621 dropped=0 avg_lat=164.83 us max_lat=640 us
[02:34:38] [Worker 2] processed=622 dropped=0 avg_lat=164.30 us max_lat=2200 us
[02:34:39] [Worker 1] processed=633 dropped=0 avg_lat=142.55 us max_lat=839 us
[02:34:39] [Worker 2] processed=633 dropped=0 avg_lat=137.85 us max_lat=774 us
[02:34:39] [Worker 3] processed=634 dropped=0 avg_lat=142.16 us max_lat=798 us
 [drop=0][02:34:39] [Worker 0] processed=634 dropped=0 avg_lat=140.86 us max_lat=703 us
[02:34:40] [Worker 1] processed=628 dropped=0 avg_lat=158.03 us max_lat=762 us
[02:34:40] [Worker 2] processed=628 dropped=0 avg_lat=151.22 us max_lat=807 us
[02:34:40] [Worker 3] processed=628 dropped=0 avg_lat=162.52 us max_lat=667 us
 [drop=0][02:34:40] [Worker 0] processed=628 dropped=0 avg_lat=155.73 us max_lat=609 us
[02:34:41] [Worker 3] processed=621 dropped=0 avg_lat=163.36 us max_lat=1341 us
 [drop=0][02:34:41] [Worker 0] processed=621 dropped=0 avg_lat=157.33 us max_lat=1168 us
[02:34:41] [Worker 1] processed=622 dropped=0 avg_lat=158.75 us max_lat=1177 us
[02:34:41] [Worker 2] processed=622 dropped=0 avg_lat=167.94 us max_lat=766 us
[02:34:42] [Worker 3] processed=191 dropped=0 avg_lat=213.79 us max_lat=653 us
 [drop=0][02:34:42] [Worker 0] processed=191 dropped=0 avg_lat=204.94 us max_lat=465 us
[02:34:42] [Worker 1] processed=191 dropped=0 avg_lat=214.51 us max_lat=983 us
[02:34:42] [Worker 2] processed=191 dropped=0 avg_lat=211.15 us max_lat=814 us
[02:34:43] [Worker 3] processed=342 dropped=0 avg_lat=161.45 us max_lat=549 us
 [drop=0][02:34:43] [Worker 0] processed=342 dropped=0 avg_lat=169.24 us max_lat=564 us
[02:34:43] [Worker 1] processed=342 dropped=0 avg_lat=174.30 us max_lat=493 us
[02:34:43] [Worker 2] processed=342 dropped=0 avg_lat=172.22 us max_lat=747 us
 [drop=0][02:34:44] [Worker 0] processed=614 dropped=0 avg_lat=164.40 us max_lat=641 us
[02:34:44] [Worker 1] processed=614 dropped=0 avg_lat=165.79 us max_lat=558 us
[02:34:44] [Worker 2] processed=614 dropped=0 avg_lat=155.44 us max_lat=593 us
[02:34:44] [Worker 3] processed=615 dropped=0 avg_lat=160.74 us max_lat=497 us
[02:34:45] [Worker 1] processed=295 dropped=0 avg_lat=167.67 us max_lat=3088 us
[02:34:45] [Worker 2] processed=295 dropped=0 avg_lat=174.20 us max_lat=3095 us
[02:34:45] [Worker 3] processed=295 dropped=0 avg_lat=166.45 us max_lat=3103 us
 [drop=0][02:34:45] [Worker 0] processed=296 dropped=0 avg_lat=175.60 us max_lat=3234 us
[02:34:46] [Worker 2] processed=174 dropped=0 avg_lat=187.74 us max_lat=546 us
[02:34:46] [Worker 3] processed=174 dropped=0 avg_lat=187.99 us max_lat=633 us
 [drop=0][02:34:46] [Worker 0] processed=174 dropped=0 avg_lat=183.54 us max_lat=343 us
[02:34:46] [Worker 1] processed=175 dropped=0 avg_lat=186.35 us max_lat=394 us
[02:34:47] [Worker 2] processed=185 dropped=0 avg_lat=171.45 us max_lat=423 us
[02:34:47] [Worker 3] processed=185 dropped=0 avg_lat=172.62 us max_lat=482 us
 [drop=0][02:34:47] [Worker 0] processed=185 dropped=0 avg_lat=167.61 us max_lat=447 us
[02:34:47] [Worker 1] processed=185 dropped=0 avg_lat=164.55 us max_lat=331 us
[02:34:48] [Worker 2] processed=178 dropped=0 avg_lat=180.16 us max_lat=353 us
[02:34:48] [Worker 3] processed=178 dropped=0 avg_lat=171.97 us max_lat=427 us
 [drop=0][02:34:48] [Worker 0] processed=178 dropped=0 avg_lat=173.10 us max_lat=500 us
[02:34:48] [Worker 1] processed=178 dropped=0 avg_lat=183.39 us max_lat=498 us
 [drop=0][02:34:49] [Worker 0] processed=220 dropped=0 avg_lat=199.20 us max_lat=425 us
[02:34:49] [Worker 1] processed=220 dropped=0 avg_lat=207.81 us max_lat=445 us
[02:34:49] [Worker 2] processed=221 dropped=0 avg_lat=210.95 us max_lat=441 us
[02:34:49] [Worker 3] processed=221 dropped=0 avg_lat=211.90 us max_lat=456 us
[02:34:50] [Worker 3] processed=183 dropped=0 avg_lat=190.63 us max_lat=552 us
 [drop=0][02:34:50] [Worker 0] processed=184 dropped=0 avg_lat=180.41 us max_lat=644 us
[02:34:50] [Worker 1] processed=184 dropped=0 avg_lat=193.46 us max_lat=436 us
[02:34:50] [Worker 2] processed=184 dropped=0 avg_lat=188.18 us max_lat=465 us
[02:34:51] [Worker 1] processed=205 dropped=0 avg_lat=156.39 us max_lat=402 us
[02:34:51] [Worker 2] processed=205 dropped=0 avg_lat=163.95 us max_lat=547 us
[02:34:51] [Worker 3] processed=206 dropped=0 avg_lat=156.26 us max_lat=357 us
 [drop=0][02:34:51] [Worker 0] processed=206 dropped=0 avg_lat=158.15 us max_lat=437 us
[02:34:52] [Worker 3] processed=179 dropped=0 avg_lat=180.23 us max_lat=552 us
 [drop=0][02:34:52] [Worker 0] processed=179 dropped=0 avg_lat=194.26 us max_lat=437 us
[02:34:52] [Worker 1] processed=180 dropped=0 avg_lat=193.51 us max_lat=383 us
[02:34:52] [Worker 2] processed=180 dropped=0 avg_lat=173.08 us max_lat=493 us
[02:34:53] [Worker 3] processed=540 dropped=0 avg_lat=172.48 us max_lat=665 us
 [drop=0][02:34:53] [Worker 0] processed=540 dropped=0 avg_lat=169.85 us max_lat=801 us
[02:34:53] [Worker 1] processed=540 dropped=0 avg_lat=171.57 us max_lat=672 us
[02:34:53] [Worker 2] processed=540 dropped=0 avg_lat=170.86 us max_lat=720 us
[02:34:54] [Worker 2] processed=171 dropped=0 avg_lat=181.06 us max_lat=414 us
[02:34:54] [Worker 3] processed=172 dropped=0 avg_lat=184.45 us max_lat=579 us
 [drop=0][02:34:54] [Worker 0] processed=172 dropped=0 avg_lat=198.15 us max_lat=475 us
[02:34:54] [Worker 1] processed=172 dropped=0 avg_lat=186.15 us max_lat=429 us
 [drop=0][02:34:55] [Worker 0] processed=192 dropped=0 avg_lat=162.01 us max_lat=505 us
[02:34:55] [Worker 1] processed=192 dropped=0 avg_lat=164.77 us max_lat=432 us
[02:34:55] [Worker 2] processed=193 dropped=0 avg_lat=161.72 us max_lat=709 us
[02:34:55] [Worker 3] processed=193 dropped=0 avg_lat=166.77 us max_lat=517 us
 [drop=0][02:34:56] [Worker 0] processed=265 dropped=0 avg_lat=170.42 us max_lat=737 us
[02:34:56] [Worker 1] processed=265 dropped=0 avg_lat=168.38 us max_lat=439 us
[02:34:56] [Worker 2] processed=265 dropped=0 avg_lat=159.44 us max_lat=445 us
[02:34:56] [Worker 3] processed=265 dropped=0 avg_lat=165.95 us max_lat=669 us
[02:34:57] [Worker 3] processed=168 dropped=0 avg_lat=185.67 us max_lat=438 us
 [drop=0][02:34:57] [Worker 0] processed=169 dropped=0 avg_lat=191.72 us max_lat=516 us
[02:34:57] [Worker 1] processed=169 dropped=0 avg_lat=196.10 us max_lat=444 us
[02:34:57] [Worker 2] processed=169 dropped=0 avg_lat=197.79 us max_lat=381 us
[02:34:58] [Worker 1] processed=190 dropped=0 avg_lat=199.11 us max_lat=474 us
[02:34:58] [Worker 2] processed=190 dropped=0 avg_lat=201.69 us max_lat=441 us
[02:34:58] [Worker 3] processed=191 dropped=0 avg_lat=188.85 us max_lat=490 us
 [drop=0][02:34:58] [Worker 0] processed=191 dropped=0 avg_lat=185.93 us max_lat=441 us
[02:34:59] [Worker 1] processed=170 dropped=0 avg_lat=218.43 us max_lat=479 us
[02:34:59] [Worker 2] processed=170 dropped=0 avg_lat=212.26 us max_lat=410 us
[02:34:59] [Worker 3] processed=170 dropped=0 avg_lat=195.10 us max_lat=458 us
 [drop=0][02:34:59] [Worker 0] processed=170 dropped=0 avg_lat=207.92 us max_lat=398 us
[02:35:00] [Worker 2] processed=186 dropped=0 avg_lat=188.29 us max_lat=536 us
[02:35:00] [Worker 3] processed=186 dropped=0 avg_lat=187.47 us max_lat=421 us
 [drop=0][02:35:00] [Worker 0] processed=186 dropped=0 avg_lat=196.24 us max_lat=558 us
[02:35:00] [Worker 1] processed=187 dropped=0 avg_lat=186.48 us max_lat=411 us
[02:35:01] [Worker 1] processed=165 dropped=0 avg_lat=184.10 us max_lat=1544 us
[02:35:01] [Worker 2] processed=166 dropped=0 avg_lat=167.67 us max_lat=402 us
[02:35:01] [Worker 3] processed=166 dropped=0 avg_lat=181.45 us max_lat=622 us
 [drop=0][02:35:01] [Worker 0] processed=166 dropped=0 avg_lat=168.50 us max_lat=372 us
[02:35:02] [Worker 1] processed=205 dropped=0 avg_lat=186.77 us max_lat=498 us
[02:35:02] [Worker 2] processed=205 dropped=0 avg_lat=168.80 us max_lat=353 us
[02:35:02] [Worker 3] processed=205 dropped=0 avg_lat=176.73 us max_lat=443 us
 [drop=0][02:35:02] [Worker 0] processed=205 dropped=0 avg_lat=163.24 us max_lat=537 us
[02:35:03] [Worker 2] processed=159 dropped=0 avg_lat=434.73 us max_lat=10866 us
[02:35:03] [Worker 3] processed=159 dropped=0 avg_lat=418.08 us max_lat=10738 us
 [drop=0][02:35:03] [Worker 0] processed=159 dropped=0 avg_lat=363.62 us max_lat=10719 us
[02:35:03] [Worker 1] processed=160 dropped=0 avg_lat=369.14 us max_lat=10728 us
[02:35:04] [Worker 1] processed=182 dropped=0 avg_lat=199.29 us max_lat=491 us
[02:35:04] [Worker 2] processed=183 dropped=0 avg_lat=202.47 us max_lat=507 us
[02:35:04] [Worker 3] processed=183 dropped=0 avg_lat=184.27 us max_lat=418 us
 [drop=0][02:35:04] [Worker 0] processed=183 dropped=0 avg_lat=184.34 us max_lat=456 us
[02:35:05] [Worker 1] processed=163 dropped=0 avg_lat=178.96 us max_lat=417 us
[02:35:05] [Worker 2] processed=163 dropped=0 avg_lat=169.36 us max_lat=326 us
[02:35:05] [Worker 3] processed=163 dropped=0 avg_lat=175.71 us max_lat=471 us
 [drop=0][02:35:05] [Worker 0] processed=163 dropped=0 avg_lat=166.76 us max_lat=341 us
[02:35:06] [Worker 3] processed=223 dropped=0 avg_lat=168.25 us max_lat=870 us
 [drop=0][02:35:06] [Worker 0] processed=223 dropped=0 avg_lat=171.41 us max_lat=571 us
[02:35:06] [Worker 1] processed=224 dropped=0 avg_lat=179.58 us max_lat=628 us
[02:35:06] [Worker 2] processed=224 dropped=0 avg_lat=166.79 us max_lat=591 us
[02:35:07] [Worker 3] processed=186 dropped=0 avg_lat=173.94 us max_lat=465 us
 [drop=0][02:35:07] [Worker 0] processed=186 dropped=0 avg_lat=172.45 us max_lat=543 us
[02:35:07] [Worker 1] processed=186 dropped=0 avg_lat=172.21 us max_lat=764 us
[02:35:07] [Worker 2] processed=186 dropped=0 avg_lat=171.01 us max_lat=481 us
 [drop=0][02:35:08] [Worker 0] processed=168 dropped=0 avg_lat=188.17 us max_lat=372 us
[02:35:08] [Worker 1] processed=168 dropped=0 avg_lat=190.93 us max_lat=378 us
[02:35:08] [Worker 2] processed=168 dropped=0 avg_lat=182.26 us max_lat=444 us
[02:35:08] [Worker 3] processed=169 dropped=0 avg_lat=184.76 us max_lat=399 us
 [drop=0][02:35:09] [Worker 0] processed=191 dropped=0 avg_lat=193.27 us max_lat=582 us
[02:35:09] [Worker 1] processed=191 dropped=0 avg_lat=199.68 us max_lat=460 us
[02:35:09] [Worker 2] processed=191 dropped=0 avg_lat=193.64 us max_lat=437 us
[02:35:09] [Worker 3] processed=191 dropped=0 avg_lat=180.99 us max_lat=484 us
[02:35:10] [Worker 3] processed=193 dropped=0 avg_lat=190.12 us max_lat=568 us
 [drop=0][02:35:10] [Worker 0] processed=194 dropped=0 avg_lat=190.16 us max_lat=489 us
[02:35:10] [Worker 1] processed=194 dropped=0 avg_lat=181.95 us max_lat=568 us
[02:35:10] [Worker 2] processed=194 dropped=0 avg_lat=183.10 us max_lat=418 us
 [drop=0][02:35:11] [Worker 0] processed=315 dropped=0 avg_lat=266.79 us max_lat=1318 us
[02:35:11] [Worker 1] processed=315 dropped=0 avg_lat=260.50 us max_lat=1080 us
[02:35:11] [Worker 2] processed=315 dropped=0 avg_lat=256.72 us max_lat=1648 us
[02:35:11] [Worker 3] processed=316 dropped=0 avg_lat=264.00 us max_lat=1254 us
[02:35:12] [Worker 1] processed=336 dropped=0 avg_lat=329.72 us max_lat=1909 us
[02:35:12] [Worker 2] processed=336 dropped=0 avg_lat=323.66 us max_lat=1261 us
[02:35:12] [Worker 3] processed=336 dropped=0 avg_lat=342.81 us max_lat=1194 us
 [drop=0][02:35:12] [Worker 0] processed=337 dropped=0 avg_lat=336.53 us max_lat=1059 us
[02:35:13] [Worker 1] processed=420 dropped=0 avg_lat=220.40 us max_lat=1034 us
[02:35:13] [Worker 2] processed=420 dropped=0 avg_lat=333.27 us max_lat=1578 us
 [drop=0][02:35:13] [Worker 0] processed=420 dropped=0 avg_lat=341.62 us max_lat=1582 us
[02:35:13] [Worker 3] processed=420 dropped=0 avg_lat=340.61 us max_lat=1362 us
[02:35:14] [Worker 3] processed=556 dropped=0 avg_lat=308.21 us max_lat=1514 us
 [drop=0][02:35:14] [Worker 0] processed=556 dropped=0 avg_lat=297.63 us max_lat=1162 us
[02:35:14] [Worker 1] processed=557 dropped=0 avg_lat=178.78 us max_lat=759 us
[02:35:14] [Worker 2] processed=557 dropped=0 avg_lat=292.45 us max_lat=1509 us
 [drop=0][02:35:15] [Worker 0] processed=381 dropped=0 avg_lat=213.33 us max_lat=994 us
[02:35:15] [Worker 1] processed=381 dropped=0 avg_lat=163.54 us max_lat=731 us
[02:35:15] [Worker 3] processed=382 dropped=0 avg_lat=230.97 us max_lat=1480 us
[02:35:15] [Worker 2] processed=381 dropped=0 avg_lat=320.30 us max_lat=1636 us
[02:35:16] [Worker 3] processed=472 dropped=0 avg_lat=191.65 us max_lat=988 us
 [drop=0][02:35:16] [Worker 0] processed=473 dropped=0 avg_lat=173.45 us max_lat=998 us
[02:35:16] [Worker 1] processed=473 dropped=0 avg_lat=158.44 us max_lat=1175 us
[02:35:16] [Worker 2] processed=473 dropped=0 avg_lat=317.75 us max_lat=1249 us
[02:35:17] [Worker 2] processed=599 dropped=0 avg_lat=331.48 us max_lat=1401 us
 [drop=0][02:35:17] [Worker 0] processed=600 dropped=0 avg_lat=166.80 us max_lat=803 us
[02:35:17] [Worker 1] processed=600 dropped=0 avg_lat=147.18 us max_lat=782 us
[02:35:17] [Worker 3] processed=601 dropped=0 avg_lat=187.66 us max_lat=900 us
[02:35:18] [Worker 2] processed=299 dropped=0 avg_lat=380.61 us max_lat=6899 us
[02:35:18] [Worker 3] processed=298 dropped=0 avg_lat=601.96 us max_lat=120639 us
 [drop=0][02:35:18] [Worker 0] processed=299 dropped=0 avg_lat=597.27 us max_lat=120464 us
[02:35:18] [Worker 1] processed=299 dropped=0 avg_lat=195.39 us max_lat=1721 us
 [drop=0][02:35:19] [Worker 0] processed=150 dropped=0 avg_lat=203.40 us max_lat=455 us
[02:35:19] [Worker 1] processed=150 dropped=0 avg_lat=198.99 us max_lat=491 us
[02:35:19] [Worker 3] processed=151 dropped=0 avg_lat=202.23 us max_lat=354 us
[02:35:19] [Worker 2] processed=151 dropped=0 avg_lat=364.02 us max_lat=698 us
[02:35:20] [Worker 1] processed=160 dropped=0 avg_lat=212.93 us max_lat=626 us
[02:35:20] [Worker 3] processed=160 dropped=0 avg_lat=216.32 us max_lat=424 us
[02:35:20] [Worker 2] processed=160 dropped=0 avg_lat=402.10 us max_lat=762 us
 [drop=0][02:35:20] [Worker 0] processed=161 dropped=0 avg_lat=204.67 us max_lat=471 us
[02:35:21] [Worker 3] processed=212 dropped=0 avg_lat=199.43 us max_lat=466 us
 [drop=0][02:35:21] [Worker 0] processed=212 dropped=0 avg_lat=183.65 us max_lat=398 us
[02:35:21] [Worker 2] processed=212 dropped=0 avg_lat=368.43 us max_lat=753 us
[02:35:21] [Worker 1] processed=213 dropped=0 avg_lat=195.23 us max_lat=482 us
[02:35:22] [Worker 2] processed=221 dropped=0 avg_lat=351.04 us max_lat=1885 us
[02:35:22] [Worker 3] processed=221 dropped=0 avg_lat=193.38 us max_lat=639 us
 [drop=0][02:35:22] [Worker 0] processed=221 dropped=0 avg_lat=186.02 us max_lat=518 us
[02:35:22] [Worker 1] processed=221 dropped=0 avg_lat=188.33 us max_lat=929 us
[02:35:23] [Worker 1] processed=221 dropped=0 avg_lat=175.48 us max_lat=439 us
[02:35:23] [Worker 2] processed=222 dropped=0 avg_lat=383.99 us max_lat=1054 us
[02:35:23] [Worker 3] processed=222 dropped=0 avg_lat=191.55 us max_lat=790 us
 [drop=0][02:35:23] [Worker 0] processed=222 dropped=0 avg_lat=183.49 us max_lat=489 us
[02:35:24] [Worker 2] processed=222 dropped=0 avg_lat=194.35 us max_lat=567 us
[02:35:24] [Worker 3] processed=222 dropped=0 avg_lat=192.60 us max_lat=590 us
 [drop=0][02:35:24] [Worker 0] processed=222 dropped=0 avg_lat=181.40 us max_lat=468 us
[02:35:24] [Worker 1] processed=223 dropped=0 avg_lat=177.55 us max_lat=481 us
 [drop=0][02:35:25] [Worker 0] processed=229 dropped=0 avg_lat=175.43 us max_lat=418 us
[02:35:25] [Worker 1] processed=229 dropped=0 avg_lat=177.97 us max_lat=444 us
[02:35:25] [Worker 2] processed=230 dropped=0 avg_lat=158.82 us max_lat=385 us
[02:35:25] [Worker 3] processed=230 dropped=0 avg_lat=177.60 us max_lat=384 us
[02:35:26] [Worker 2] processed=168 dropped=0 avg_lat=167.37 us max_lat=544 us
[02:35:26] [Worker 3] processed=168 dropped=0 avg_lat=176.70 us max_lat=455 us
 [drop=0][02:35:26] [Worker 0] processed=169 dropped=0 avg_lat=172.15 us max_lat=554 us
[02:35:26] [Worker 1] processed=169 dropped=0 avg_lat=186.84 us max_lat=537 us
[02:35:27] [Worker 2] processed=224 dropped=0 avg_lat=162.96 us max_lat=509 us
[02:35:27] [Worker 3] processed=224 dropped=0 avg_lat=157.88 us max_lat=462 us
 [drop=0][02:35:27] [Worker 0] processed=224 dropped=0 avg_lat=147.85 us max_lat=462 us
[02:35:27] [Worker 1] processed=224 dropped=0 avg_lat=157.15 us max_lat=525 us
[02:35:28] [Worker 3] processed=175 dropped=0 avg_lat=155.55 us max_lat=659 us
 [drop=0][02:35:28] [Worker 0] processed=175 dropped=0 avg_lat=159.31 us max_lat=466 us

[!] XDP program detached automatically

[*] Program successfully exited
