[*] mode=bench, workers=2
[*] Spawning 2 worker threads...
[+] Worker 0 started
[+] Worker 1 started
[02:33:02] [Worker 1] processed=1 dropped=0 avg_lat=530.00 us max_lat=530 us
 [drop=0][02:33:02] [Worker 0] processed=2 dropped=0 avg_lat=567.00 us max_lat=758 us
[02:33:03] [Worker 1] processed=753 dropped=0 avg_lat=164.15 us max_lat=1260 us
 [drop=0][02:33:03] [Worker 0] processed=753 dropped=0 avg_lat=168.29 us max_lat=3663 us
[02:33:04] [Worker 1] processed=1259 dropped=0 avg_lat=178.58 us max_lat=614 us
 [drop=0][02:33:04] [Worker 0] processed=1259 dropped=0 avg_lat=173.31 us max_lat=641 us
 [drop=0][02:33:05] [Worker 0] processed=1264 dropped=0 avg_lat=178.97 us max_lat=733 us
[02:33:05] [Worker 1] processed=1265 dropped=0 avg_lat=176.44 us max_lat=752 us
[02:33:06] [Worker 1] processed=1263 dropped=0 avg_lat=158.47 us max_lat=699 us
 [drop=0][02:33:06] [Worker 0] processed=1264 dropped=0 avg_lat=158.79 us max_lat=640 us
[02:33:07] [Worker 1] processed=1216 dropped=0 avg_lat=148.89 us max_lat=752 us
 [drop=0][02:33:07] [Worker 0] processed=1216 dropped=0 avg_lat=153.30 us max_lat=707 us
 [drop=0][02:33:08] [Worker 0] processed=1277 dropped=0 avg_lat=163.36 us max_lat=684 us
[02:33:08] [Worker 1] processed=1278 dropped=0 avg_lat=168.28 us max_lat=627 us
[02:33:09] [Worker 1] processed=1266 dropped=0 avg_lat=154.50 us max_lat=657 us
 [drop=0][02:33:09] [Worker 0] processed=1267 dropped=0 avg_lat=157.48 us max_lat=602 us
[02:33:10] [Worker 1] processed=965 dropped=0 avg_lat=153.15 us max_lat=624 us
 [drop=0][02:33:10] [Worker 0] processed=965 dropped=0 avg_lat=156.46 us max_lat=706 us
[02:33:11] [Worker 1] processed=887 dropped=0 avg_lat=172.44 us max_lat=697 us
 [drop=0][02:33:11] [Worker 0] processed=887 dropped=0 avg_lat=173.21 us max_lat=593 us
 [drop=0][02:33:12] [Worker 0] processed=665 dropped=0 avg_lat=184.72 us max_lat=658 us
[02:33:12] [Worker 1] processed=666 dropped=0 avg_lat=192.35 us max_lat=805 us
 [drop=0][02:33:13] [Worker 0] processed=1045 dropped=0 avg_lat=170.33 us max_lat=809 us
[02:33:13] [Worker 1] processed=1045 dropped=0 avg_lat=169.82 us max_lat=984 us
[02:33:14] [Worker 1] processed=1238 dropped=0 avg_lat=205.04 us max_lat=5566 us
 [drop=0][02:33:14] [Worker 0] processed=1239 dropped=0 avg_lat=198.69 us max_lat=5328 us
[02:33:15] [Worker 1] processed=809 dropped=0 avg_lat=307.86 us max_lat=102997 us
 [drop=0][02:33:15] [Worker 0] processed=809 dropped=0 avg_lat=180.79 us max_lat=4169 us
[02:33:16] [Worker 1] processed=334 dropped=0 avg_lat=208.13 us max_lat=441 us
 [drop=0][02:33:16] [Worker 0] processed=334 dropped=0 avg_lat=205.86 us max_lat=461 us
 [drop=0][02:33:17] [Worker 0] processed=352 dropped=0 avg_lat=215.21 us max_lat=694 us
[02:33:17] [Worker 1] processed=353 dropped=0 avg_lat=209.20 us max_lat=456 us
[02:33:18] [Worker 1] processed=343 dropped=0 avg_lat=209.83 us max_lat=456 us
 [drop=0][02:33:18] [Worker 0] processed=344 dropped=0 avg_lat=220.47 us max_lat=604 us
[02:33:19] [Worker 1] processed=366 dropped=0 avg_lat=188.69 us max_lat=392 us
 [drop=0][02:33:19] [Worker 0] processed=366 dropped=0 avg_lat=203.53 us max_lat=1473 us
 [drop=0][02:33:20] [Worker 0] processed=330 dropped=0 avg_lat=211.82 us max_lat=497 us
[02:33:20] [Worker 1] processed=331 dropped=0 avg_lat=220.87 us max_lat=738 us
[02:33:21] [Worker 1] processed=323 dropped=0 avg_lat=232.95 us max_lat=630 us
 [drop=0][02:33:21] [Worker 0] processed=324 dropped=0 avg_lat=227.54 us max_lat=663 us
[02:33:22] [Worker 1] processed=286 dropped=0 avg_lat=235.38 us max_lat=573 us
 [drop=0][02:33:22] [Worker 0] processed=286 dropped=0 avg_lat=227.37 us max_lat=748 us
[02:33:23] [Worker 1] processed=364 dropped=0 avg_lat=192.40 us max_lat=957 us
 [drop=0][02:33:23] [Worker 0] processed=364 dropped=0 avg_lat=186.73 us max_lat=445 us
[02:33:24] [Worker 1] processed=348 dropped=0 avg_lat=207.20 us max_lat=642 us
 [drop=0][02:33:24] [Worker 0] processed=348 dropped=0 avg_lat=193.90 us max_lat=631 us
[02:33:25] [Worker 1] processed=410 dropped=0 avg_lat=190.36 us max_lat=534 us
 [drop=0][02:33:25] [Worker 0] processed=410 dropped=0 avg_lat=190.04 us max_lat=469 us
 [drop=0][02:33:26] [Worker 0] processed=297 dropped=0 avg_lat=212.07 us max_lat=446 us
[02:33:26] [Worker 1] processed=298 dropped=0 avg_lat=221.44 us max_lat=499 us
 [drop=0][02:33:27] [Worker 0] processed=360 dropped=0 avg_lat=191.05 us max_lat=625 us
[02:33:27] [Worker 1] processed=360 dropped=0 avg_lat=194.82 us max_lat=560 us
 [drop=0][02:33:28] [Worker 0] processed=361 dropped=0 avg_lat=208.91 us max_lat=647 us
[02:33:28] [Worker 1] processed=361 dropped=0 avg_lat=202.09 us max_lat=573 us
 [drop=0][02:33:29] [Worker 0] processed=376 dropped=0 avg_lat=175.88 us max_lat=460 us
[02:33:29] [Worker 1] processed=376 dropped=0 avg_lat=186.72 us max_lat=439 us
[02:33:30] [Worker 1] processed=396 dropped=0 avg_lat=190.55 us max_lat=543 us
 [drop=0][02:33:30] [Worker 0] processed=397 dropped=0 avg_lat=178.44 us max_lat=519 us
 [drop=0][02:33:31] [Worker 0] processed=1016 dropped=0 avg_lat=185.03 us max_lat=871 us
[02:33:31] [Worker 1] processed=1017 dropped=0 avg_lat=186.97 us max_lat=689 us
 [drop=0][02:33:32] [Worker 0] processed=403 dropped=0 avg_lat=208.47 us max_lat=615 us
[02:33:32] [Worker 1] processed=403 dropped=0 avg_lat=205.02 us max_lat=702 us
 [drop=0][02:33:33] [Worker 0] processed=361 dropped=0 avg_lat=236.20 us max_lat=7852 us
[02:33:33] [Worker 1] processed=361 dropped=0 avg_lat=263.97 us max_lat=7990 us
 [drop=0][02:33:34] [Worker 0] processed=369 dropped=0 avg_lat=196.46 us max_lat=637 us
[02:33:34] [Worker 1] processed=369 dropped=0 avg_lat=189.17 us max_lat=482 us
[02:33:35] [Worker 1] processed=347 dropped=0 avg_lat=202.62 us max_lat=546 us
 [drop=0][02:33:35] [Worker 0] processed=348 dropped=0 avg_lat=202.98 us max_lat=528 us
[02:33:36] [Worker 1] processed=357 dropped=0 avg_lat=225.38 us max_lat=470 us
 [drop=0][02:33:36] [Worker 0] processed=357 dropped=0 avg_lat=225.54 us max_lat=514 us
[02:33:37] [Worker 1] processed=341 dropped=0 avg_lat=206.71 us max_lat=545 us
 [drop=0][02:33:37] [Worker 0] processed=341 dropped=0 avg_lat=196.64 us max_lat=534 us
[02:33:38] [Worker 1] processed=388 dropped=0 avg_lat=192.60 us max_lat=668 us
 [drop=0][02:33:38] [Worker 0] processed=388 dropped=0 avg_lat=197.92 us max_lat=504 us
[02:33:39] [Worker 1] processed=321 dropped=0 avg_lat=191.20 us max_lat=528 us
 [drop=0][02:33:39] [Worker 0] processed=321 dropped=0 avg_lat=204.89 us max_lat=469 us
[02:33:40] [Worker 1] processed=336 dropped=0 avg_lat=212.57 us max_lat=1874 us
 [drop=0][02:33:40] [Worker 0] processed=336 dropped=0 avg_lat=209.48 us max_lat=458 us
 [drop=0][02:33:41] [Worker 0] processed=295 dropped=0 avg_lat=253.22 us max_lat=521 us
[02:33:41] [Worker 1] processed=296 dropped=0 avg_lat=250.56 us max_lat=579 us
[02:33:42] [Worker 1] processed=370 dropped=0 avg_lat=214.61 us max_lat=556 us
 [drop=0][02:33:42] [Worker 0] processed=371 dropped=0 avg_lat=207.53 us max_lat=666 us
[02:33:43] [Worker 1] processed=352 dropped=0 avg_lat=189.50 us max_lat=420 us
 [drop=0][02:33:43] [Worker 0] processed=352 dropped=0 avg_lat=186.40 us max_lat=577 us
 [drop=0][02:33:44] [Worker 0] processed=357 dropped=0 avg_lat=195.81 us max_lat=505 us
[02:33:44] [Worker 1] processed=358 dropped=0 avg_lat=205.94 us max_lat=473 us
[02:33:45] [Worker 1] processed=350 dropped=0 avg_lat=188.23 us max_lat=483 us
 [drop=0][02:33:45] [Worker 0] processed=351 dropped=0 avg_lat=201.32 us max_lat=500 us
[02:33:46] [Worker 1] processed=314 dropped=0 avg_lat=215.38 us max_lat=466 us
 [drop=0][02:33:46] [Worker 0] processed=314 dropped=0 avg_lat=198.56 us max_lat=595 us
[02:33:47] [Worker 1] processed=865 dropped=0 avg_lat=170.36 us max_lat=886 us
 [drop=0][02:33:47] [Worker 0] processed=865 dropped=0 avg_lat=160.65 us max_lat=954 us
[02:33:48] [Worker 1] processed=477 dropped=0 avg_lat=178.66 us max_lat=1161 us
 [drop=0][02:33:48] [Worker 0] processed=477 dropped=0 avg_lat=169.60 us max_lat=620 us
 [drop=0][02:33:49] [Worker 0] processed=389 dropped=0 avg_lat=195.99 us max_lat=496 us
[02:33:49] [Worker 1] processed=390 dropped=0 avg_lat=201.16 us max_lat=649 us
 [drop=0][02:33:50] [Worker 0] processed=375 dropped=0 avg_lat=213.82 us max_lat=2153 us
[02:33:50] [Worker 1] processed=375 dropped=0 avg_lat=219.89 us max_lat=1028 us
[02:33:51] [Worker 1] processed=1214 dropped=0 avg_lat=175.56 us max_lat=761 us
 [drop=0][02:33:51] [Worker 0] processed=1215 dropped=0 avg_lat=174.07 us max_lat=1354 us
 [drop=0][02:33:52] [Worker 0] processed=1231 dropped=0 avg_lat=169.69 us max_lat=957 us
[02:33:52] [Worker 1] processed=1232 dropped=0 avg_lat=164.19 us max_lat=679 us
 [drop=0][02:33:53] [Worker 0] processed=386 dropped=0 avg_lat=187.85 us max_lat=400 us
[02:33:53] [Worker 1] processed=386 dropped=0 avg_lat=178.58 us max_lat=378 us
[02:33:54] [Worker 1] processed=341 dropped=0 avg_lat=211.62 us max_lat=642 us
 [drop=0][02:33:54] [Worker 0] processed=342 dropped=0 avg_lat=206.32 us max_lat=545 us
 [drop=0][02:33:55] [Worker 0] processed=351 dropped=0 avg_lat=200.62 us max_lat=550 us
[02:33:55] [Worker 1] processed=352 dropped=0 avg_lat=214.39 us max_lat=712 us
 [drop=0][02:33:56] [Worker 0] processed=325 dropped=0 avg_lat=205.65 us max_lat=535 us
[02:33:56] [Worker 1] processed=325 dropped=0 avg_lat=208.60 us max_lat=556 us
[02:33:57] [Worker 1] processed=308 dropped=0 avg_lat=212.99 us max_lat=472 us
 [drop=0][02:33:57] [Worker 0] processed=309 dropped=0 avg_lat=219.40 us max_lat=531 us
 [drop=0][02:33:58] [Worker 0] processed=372 dropped=0 avg_lat=188.42 us max_lat=445 us
[02:33:58] [Worker 1] processed=373 dropped=0 avg_lat=181.19 us max_lat=469 us
[02:33:59] [Worker 1] processed=326 dropped=0 avg_lat=206.93 us max_lat=709 us
 [drop=0][02:33:59] [Worker 0] processed=327 dropped=0 avg_lat=200.72 us max_lat=694 us
 [drop=0][02:34:00] [Worker 0] processed=419 dropped=0 avg_lat=218.11 us max_lat=489 us
[02:34:00] [Worker 1] processed=420 dropped=0 avg_lat=214.97 us max_lat=469 us
[02:34:01] [Worker 1] processed=431 dropped=0 avg_lat=212.04 us max_lat=544 us
 [drop=0][02:34:01] [Worker 0] processed=432 dropped=0 avg_lat=209.15 us max_lat=441 us
 [drop=0][02:34:02] [Worker 0] processed=404 dropped=0 avg_lat=201.84 us max_lat=566 us
[02:34:02] [Worker 1] processed=405 dropped=0 avg_lat=199.32 us max_lat=448 us

[!] XDP program detached automatically

[*] Program successfully exited
